2025/10/27 14:05:35.793143 main.go:32: Server started
2025/10/27 14:05:35.795315 udp.go:105: ✅ server listening on addr :8080 
2025/10/27 14:05:35.795315 udp.go:393: 🟢 UDP Command Interface Started
2025/10/27 14:05:35.795315 udp.go:394: Available commands:
2025/10/27 14:05:35.795315 udp.go:395:   message <clientId> <message>
2025/10/27 14:05:35.795315 udp.go:396:   file <clientId> <filepath>
2025/10/27 14:05:35.795315 udp.go:397:   list
2025/10/27 14:05:35.795315 udp.go:398:   help
2025/10/27 14:05:35.795315 udp.go:399: ------------------------------
2025/10/27 14:05:35.795822 udp.go:402: > 
2025/10/27 14:05:46.374928 udp.go:578: 📦 Meta from Client0 | FileID=2022062757 | Size=1308184 bytes | Name=image.jpg | ChunkSize=1400 
2025/10/27 14:05:46.377141 udp.go:939: Recieved From Client0 (1/935) seq = 0 
2025/10/27 14:05:46.377686 udp.go:939: Recieved From Client0 (2/935) seq = 1 
2025/10/27 14:05:46.378307 udp.go:939: Recieved From Client0 (3/935) seq = 2 
2025/10/27 14:05:46.378881 udp.go:939: Recieved From Client0 (4/935) seq = 3 
2025/10/27 14:05:46.379421 udp.go:939: Recieved From Client0 (5/935) seq = 4 
2025/10/27 14:05:46.380050 udp.go:939: Recieved From Client0 (6/935) seq = 5 
2025/10/27 14:05:46.380745 udp.go:939: Recieved From Client0 (7/935) seq = 6 
2025/10/27 14:05:46.381442 udp.go:939: Recieved From Client0 (8/935) seq = 7 
2025/10/27 14:05:46.382135 udp.go:939: Recieved From Client0 (9/935) seq = 8 
2025/10/27 14:05:46.382727 udp.go:939: Recieved From Client0 (10/935) seq = 9 
2025/10/27 14:05:46.383246 udp.go:939: Recieved From Client0 (11/935) seq = 10 
2025/10/27 14:05:46.383805 udp.go:939: Recieved From Client0 (12/935) seq = 11 
2025/10/27 14:05:46.384408 udp.go:939: Recieved From Client0 (13/935) seq = 12 
2025/10/27 14:05:46.384965 udp.go:939: Recieved From Client0 (14/935) seq = 13 
2025/10/27 14:05:46.385571 udp.go:939: Recieved From Client0 (15/935) seq = 14 
2025/10/27 14:05:46.386234 udp.go:939: Recieved From Client0 (16/935) seq = 15 
2025/10/27 14:05:46.386804 udp.go:939: Recieved From Client0 (17/935) seq = 16 
2025/10/27 14:05:46.387371 udp.go:939: Recieved From Client0 (18/935) seq = 17 
2025/10/27 14:05:46.387963 udp.go:939: Recieved From Client0 (19/935) seq = 18 
2025/10/27 14:05:46.388559 udp.go:939: Recieved From Client0 (20/935) seq = 19 
2025/10/27 14:05:46.389079 udp.go:939: Recieved From Client0 (21/935) seq = 20 
2025/10/27 14:05:46.389639 udp.go:939: Recieved From Client0 (22/935) seq = 21 
2025/10/27 14:05:46.390200 udp.go:939: Recieved From Client0 (23/935) seq = 22 
2025/10/27 14:05:46.390762 udp.go:939: Recieved From Client0 (24/935) seq = 23 
2025/10/27 14:05:46.391327 udp.go:939: Recieved From Client0 (25/935) seq = 24 
2025/10/27 14:05:46.391941 udp.go:939: Recieved From Client0 (26/935) seq = 25 
2025/10/27 14:05:46.392556 udp.go:939: Recieved From Client0 (27/935) seq = 26 
2025/10/27 14:05:46.393168 udp.go:939: Recieved From Client0 (28/935) seq = 27 
2025/10/27 14:05:46.393865 udp.go:939: Recieved From Client0 (29/935) seq = 28 
2025/10/27 14:05:46.394432 udp.go:939: Recieved From Client0 (30/935) seq = 29 
2025/10/27 14:05:46.395209 udp.go:939: Recieved From Client0 (31/935) seq = 30 
2025/10/27 14:05:46.395771 udp.go:939: Recieved From Client0 (32/935) seq = 31 
2025/10/27 14:05:46.396365 udp.go:939: Recieved From Client0 (33/935) seq = 32 
2025/10/27 14:05:46.396938 udp.go:939: Recieved From Client0 (34/935) seq = 33 
2025/10/27 14:05:46.397521 udp.go:939: Recieved From Client0 (35/935) seq = 34 
2025/10/27 14:05:46.398092 udp.go:939: Recieved From Client0 (36/935) seq = 35 
2025/10/27 14:05:46.398640 udp.go:939: Recieved From Client0 (37/935) seq = 36 
2025/10/27 14:05:46.399181 udp.go:939: Recieved From Client0 (38/935) seq = 37 
2025/10/27 14:05:46.399789 udp.go:939: Recieved From Client0 (39/935) seq = 38 
2025/10/27 14:05:46.400358 udp.go:939: Recieved From Client0 (40/935) seq = 39 
2025/10/27 14:05:46.400971 udp.go:939: Recieved From Client0 (41/935) seq = 40 
2025/10/27 14:05:46.401676 udp.go:939: Recieved From Client0 (42/935) seq = 41 
2025/10/27 14:05:46.402263 udp.go:939: Recieved From Client0 (43/935) seq = 42 
2025/10/27 14:05:46.402812 udp.go:939: Recieved From Client0 (44/935) seq = 43 
2025/10/27 14:05:46.403356 udp.go:939: Recieved From Client0 (45/935) seq = 44 
2025/10/27 14:05:46.404033 udp.go:939: Recieved From Client0 (46/935) seq = 45 
2025/10/27 14:05:46.404700 udp.go:939: Recieved From Client0 (47/935) seq = 46 
2025/10/27 14:05:46.405311 udp.go:939: Recieved From Client0 (48/935) seq = 47 
2025/10/27 14:05:46.405976 udp.go:939: Recieved From Client0 (49/935) seq = 48 
2025/10/27 14:05:46.406645 udp.go:939: Recieved From Client0 (50/935) seq = 49 
2025/10/27 14:05:46.407262 udp.go:939: Recieved From Client0 (51/935) seq = 50 
2025/10/27 14:05:46.407854 udp.go:939: Recieved From Client0 (52/935) seq = 51 
2025/10/27 14:05:46.408563 udp.go:939: Recieved From Client0 (53/935) seq = 52 
2025/10/27 14:05:46.409239 udp.go:939: Recieved From Client0 (54/935) seq = 53 
2025/10/27 14:05:46.409900 udp.go:939: Recieved From Client0 (55/935) seq = 54 
2025/10/27 14:05:46.410514 udp.go:939: Recieved From Client0 (56/935) seq = 55 
2025/10/27 14:05:46.411148 udp.go:939: Recieved From Client0 (57/935) seq = 56 
2025/10/27 14:05:46.411736 udp.go:939: Recieved From Client0 (58/935) seq = 57 
2025/10/27 14:05:46.412310 udp.go:939: Recieved From Client0 (59/935) seq = 58 
2025/10/27 14:05:46.412869 udp.go:939: Recieved From Client0 (60/935) seq = 59 
2025/10/27 14:05:46.413485 udp.go:939: Recieved From Client0 (61/935) seq = 60 
2025/10/27 14:05:46.414015 udp.go:939: Recieved From Client0 (62/935) seq = 61 
2025/10/27 14:05:46.414713 udp.go:939: Recieved From Client0 (63/935) seq = 62 
2025/10/27 14:05:46.415305 udp.go:939: Recieved From Client0 (64/935) seq = 63 
2025/10/27 14:05:46.415964 udp.go:939: Recieved From Client0 (65/935) seq = 64 
2025/10/27 14:05:46.416720 udp.go:939: Recieved From Client0 (66/935) seq = 65 
2025/10/27 14:05:46.417313 udp.go:939: Recieved From Client0 (67/935) seq = 66 
2025/10/27 14:05:46.417867 udp.go:939: Recieved From Client0 (68/935) seq = 67 
2025/10/27 14:05:46.418445 udp.go:939: Recieved From Client0 (69/935) seq = 68 
2025/10/27 14:05:46.419001 udp.go:939: Recieved From Client0 (70/935) seq = 69 
2025/10/27 14:05:46.419553 udp.go:939: Recieved From Client0 (71/935) seq = 70 
2025/10/27 14:05:46.420084 udp.go:939: Recieved From Client0 (72/935) seq = 71 
2025/10/27 14:05:46.420625 udp.go:939: Recieved From Client0 (73/935) seq = 72 
2025/10/27 14:05:46.421276 udp.go:939: Recieved From Client0 (74/935) seq = 73 
2025/10/27 14:05:46.421881 udp.go:939: Recieved From Client0 (75/935) seq = 74 
2025/10/27 14:05:46.422480 udp.go:939: Recieved From Client0 (76/935) seq = 75 
2025/10/27 14:05:46.423078 udp.go:939: Recieved From Client0 (77/935) seq = 76 
2025/10/27 14:05:46.423675 udp.go:939: Recieved From Client0 (78/935) seq = 77 
2025/10/27 14:05:46.424357 udp.go:939: Recieved From Client0 (79/935) seq = 78 
2025/10/27 14:05:46.425022 udp.go:939: Recieved From Client0 (80/935) seq = 79 
2025/10/27 14:05:46.425626 udp.go:939: Recieved From Client0 (81/935) seq = 80 
2025/10/27 14:05:46.426298 udp.go:939: Recieved From Client0 (82/935) seq = 81 
2025/10/27 14:05:46.426962 udp.go:939: Recieved From Client0 (83/935) seq = 82 
2025/10/27 14:05:46.427716 udp.go:939: Recieved From Client0 (84/935) seq = 83 
2025/10/27 14:05:46.428418 udp.go:939: Recieved From Client0 (85/935) seq = 84 
2025/10/27 14:05:46.429057 udp.go:939: Recieved From Client0 (86/935) seq = 85 
2025/10/27 14:05:46.429729 udp.go:939: Recieved From Client0 (87/935) seq = 86 
2025/10/27 14:05:46.430384 udp.go:939: Recieved From Client0 (88/935) seq = 87 
2025/10/27 14:05:46.430985 udp.go:939: Recieved From Client0 (89/935) seq = 88 
2025/10/27 14:05:46.431651 udp.go:939: Recieved From Client0 (90/935) seq = 89 
2025/10/27 14:05:46.432368 udp.go:939: Recieved From Client0 (91/935) seq = 90 
2025/10/27 14:05:46.432987 udp.go:939: Recieved From Client0 (92/935) seq = 91 
2025/10/27 14:05:46.433589 udp.go:939: Recieved From Client0 (93/935) seq = 92 
2025/10/27 14:05:46.434802 udp.go:939: Recieved From Client0 (94/935) seq = 93 
2025/10/27 14:05:46.435499 udp.go:939: Recieved From Client0 (95/935) seq = 94 
2025/10/27 14:05:46.436091 udp.go:939: Recieved From Client0 (96/935) seq = 95 
2025/10/27 14:05:46.436757 udp.go:939: Recieved From Client0 (97/935) seq = 96 
2025/10/27 14:05:46.437373 udp.go:939: Recieved From Client0 (98/935) seq = 97 
2025/10/27 14:05:46.438561 udp.go:939: Recieved From Client0 (99/935) seq = 98 
2025/10/27 14:05:46.439811 udp.go:939: Recieved From Client0 (100/935) seq = 99 
2025/10/27 14:05:46.441070 udp.go:939: Recieved From Client0 (101/935) seq = 100 
2025/10/27 14:05:46.442182 udp.go:939: Recieved From Client0 (102/935) seq = 101 
2025/10/27 14:05:46.443465 udp.go:939: Recieved From Client0 (103/935) seq = 102 
2025/10/27 14:05:46.444204 udp.go:939: Recieved From Client0 (104/935) seq = 103 
2025/10/27 14:05:46.445391 udp.go:939: Recieved From Client0 (105/935) seq = 104 
2025/10/27 14:05:46.446570 udp.go:939: Recieved From Client0 (106/935) seq = 105 
2025/10/27 14:05:46.447211 udp.go:939: Recieved From Client0 (107/935) seq = 106 
2025/10/27 14:05:46.448489 udp.go:939: Recieved From Client0 (108/935) seq = 107 
2025/10/27 14:05:46.449794 udp.go:939: Recieved From Client0 (109/935) seq = 108 
2025/10/27 14:05:46.457821 udp.go:939: Recieved From Client0 (110/935) seq = 109 
2025/10/27 14:05:46.468192 udp.go:939: Recieved From Client0 (111/935) seq = 110 
2025/10/27 14:05:46.478501 udp.go:939: Recieved From Client0 (112/935) seq = 111 
2025/10/27 14:05:46.489505 udp.go:939: Recieved From Client0 (113/935) seq = 112 
2025/10/27 14:05:46.499659 udp.go:939: Recieved From Client0 (114/935) seq = 113 
2025/10/27 14:05:46.511193 udp.go:939: Recieved From Client0 (115/935) seq = 114 
2025/10/27 14:05:46.521290 udp.go:939: Recieved From Client0 (116/935) seq = 115 
2025/10/27 14:05:46.531916 udp.go:939: Recieved From Client0 (117/935) seq = 116 
2025/10/27 14:05:46.542267 udp.go:939: Recieved From Client0 (118/935) seq = 117 
2025/10/27 14:05:46.552606 udp.go:939: Recieved From Client0 (119/935) seq = 118 
2025/10/27 14:05:46.563320 udp.go:939: Recieved From Client0 (120/935) seq = 119 
2025/10/27 14:05:46.574221 udp.go:939: Recieved From Client0 (121/935) seq = 120 
2025/10/27 14:05:46.584951 udp.go:939: Recieved From Client0 (122/935) seq = 121 
2025/10/27 14:05:46.595817 udp.go:939: Recieved From Client0 (123/935) seq = 122 
2025/10/27 14:05:46.605836 udp.go:939: Recieved From Client0 (124/935) seq = 123 
2025/10/27 14:05:46.616159 udp.go:939: Recieved From Client0 (125/935) seq = 124 
2025/10/27 14:05:46.626624 udp.go:939: Recieved From Client0 (126/935) seq = 125 
2025/10/27 14:05:46.637395 udp.go:939: Recieved From Client0 (127/935) seq = 126 
2025/10/27 14:05:46.648251 udp.go:939: Recieved From Client0 (128/935) seq = 127 
2025/10/27 14:05:46.658852 udp.go:939: Recieved From Client0 (129/935) seq = 128 
2025/10/27 14:05:46.669272 udp.go:939: Recieved From Client0 (130/935) seq = 129 
2025/10/27 14:05:46.679873 udp.go:939: Recieved From Client0 (131/935) seq = 130 
2025/10/27 14:05:46.690504 udp.go:939: Recieved From Client0 (132/935) seq = 131 
2025/10/27 14:05:46.701080 udp.go:939: Recieved From Client0 (133/935) seq = 132 
2025/10/27 14:05:46.712296 udp.go:939: Recieved From Client0 (134/935) seq = 133 
2025/10/27 14:05:46.722665 udp.go:939: Recieved From Client0 (135/935) seq = 134 
2025/10/27 14:05:46.733068 udp.go:939: Recieved From Client0 (136/935) seq = 135 
2025/10/27 14:05:46.744021 udp.go:939: Recieved From Client0 (137/935) seq = 136 
2025/10/27 14:05:46.754819 udp.go:939: Recieved From Client0 (138/935) seq = 137 
2025/10/27 14:05:46.766007 udp.go:939: Recieved From Client0 (139/935) seq = 138 
2025/10/27 14:05:46.776336 udp.go:939: Recieved From Client0 (140/935) seq = 139 
2025/10/27 14:05:46.786386 udp.go:939: Recieved From Client0 (141/935) seq = 140 
2025/10/27 14:05:46.797051 udp.go:939: Recieved From Client0 (142/935) seq = 141 
2025/10/27 14:05:46.807389 udp.go:939: Recieved From Client0 (143/935) seq = 142 
2025/10/27 14:05:46.817532 udp.go:939: Recieved From Client0 (144/935) seq = 143 
2025/10/27 14:05:46.827923 udp.go:939: Recieved From Client0 (145/935) seq = 144 
2025/10/27 14:05:46.838277 udp.go:939: Recieved From Client0 (146/935) seq = 145 
2025/10/27 14:05:46.848617 udp.go:939: Recieved From Client0 (147/935) seq = 146 
2025/10/27 14:05:46.859119 udp.go:939: Recieved From Client0 (148/935) seq = 147 
2025/10/27 14:05:46.869517 udp.go:939: Recieved From Client0 (149/935) seq = 148 
2025/10/27 14:05:46.879844 udp.go:939: Recieved From Client0 (150/935) seq = 149 
2025/10/27 14:05:46.890096 udp.go:939: Recieved From Client0 (151/935) seq = 150 
2025/10/27 14:05:46.900619 udp.go:939: Recieved From Client0 (152/935) seq = 151 
2025/10/27 14:05:46.911587 udp.go:939: Recieved From Client0 (153/935) seq = 152 
2025/10/27 14:05:46.922331 udp.go:939: Recieved From Client0 (154/935) seq = 153 
2025/10/27 14:05:46.933265 udp.go:939: Recieved From Client0 (155/935) seq = 154 
2025/10/27 14:05:46.943852 udp.go:939: Recieved From Client0 (156/935) seq = 155 
2025/10/27 14:05:46.955198 udp.go:939: Recieved From Client0 (157/935) seq = 156 
2025/10/27 14:05:46.965706 udp.go:939: Recieved From Client0 (158/935) seq = 157 
2025/10/27 14:05:46.976728 udp.go:939: Recieved From Client0 (159/935) seq = 158 
2025/10/27 14:05:46.987212 udp.go:939: Recieved From Client0 (160/935) seq = 159 
2025/10/27 14:05:46.997826 udp.go:939: Recieved From Client0 (161/935) seq = 160 
2025/10/27 14:05:47.008335 udp.go:939: Recieved From Client0 (162/935) seq = 161 
2025/10/27 14:05:47.019247 udp.go:939: Recieved From Client0 (163/935) seq = 162 
2025/10/27 14:05:47.029675 udp.go:939: Recieved From Client0 (164/935) seq = 163 
2025/10/27 14:05:47.039993 udp.go:939: Recieved From Client0 (165/935) seq = 164 
2025/10/27 14:05:47.050756 udp.go:939: Recieved From Client0 (166/935) seq = 165 
2025/10/27 14:05:47.061163 udp.go:939: Recieved From Client0 (167/935) seq = 166 
2025/10/27 14:05:47.072310 udp.go:939: Recieved From Client0 (168/935) seq = 167 
2025/10/27 14:05:47.083163 udp.go:939: Recieved From Client0 (169/935) seq = 168 
2025/10/27 14:05:47.094404 udp.go:939: Recieved From Client0 (170/935) seq = 169 
2025/10/27 14:05:47.105552 udp.go:939: Recieved From Client0 (171/935) seq = 170 
2025/10/27 14:05:47.115885 udp.go:939: Recieved From Client0 (172/935) seq = 171 
2025/10/27 14:05:47.126258 udp.go:939: Recieved From Client0 (173/935) seq = 172 
2025/10/27 14:05:47.136709 udp.go:939: Recieved From Client0 (174/935) seq = 173 
2025/10/27 14:05:47.148030 udp.go:939: Recieved From Client0 (175/935) seq = 174 
2025/10/27 14:05:47.159103 udp.go:939: Recieved From Client0 (176/935) seq = 175 
2025/10/27 14:05:47.170068 udp.go:939: Recieved From Client0 (177/935) seq = 176 
2025/10/27 14:05:47.180948 udp.go:939: Recieved From Client0 (178/935) seq = 177 
2025/10/27 14:05:47.191625 udp.go:939: Recieved From Client0 (179/935) seq = 178 
2025/10/27 14:05:47.202652 udp.go:939: Recieved From Client0 (180/935) seq = 179 
2025/10/27 14:05:47.213069 udp.go:939: Recieved From Client0 (181/935) seq = 180 
2025/10/27 14:05:47.223118 udp.go:939: Recieved From Client0 (182/935) seq = 181 
2025/10/27 14:05:47.233432 udp.go:939: Recieved From Client0 (183/935) seq = 182 
2025/10/27 14:05:47.244333 udp.go:939: Recieved From Client0 (184/935) seq = 183 
2025/10/27 14:05:47.254701 udp.go:939: Recieved From Client0 (185/935) seq = 184 
2025/10/27 14:05:47.265273 udp.go:939: Recieved From Client0 (186/935) seq = 185 
2025/10/27 14:05:47.275787 udp.go:939: Recieved From Client0 (187/935) seq = 186 
2025/10/27 14:05:47.286389 udp.go:939: Recieved From Client0 (188/935) seq = 187 
2025/10/27 14:05:47.297604 udp.go:939: Recieved From Client0 (189/935) seq = 188 
2025/10/27 14:05:47.307746 udp.go:939: Recieved From Client0 (190/935) seq = 189 
2025/10/27 14:05:47.318972 udp.go:939: Recieved From Client0 (191/935) seq = 190 
2025/10/27 14:05:47.329364 udp.go:939: Recieved From Client0 (192/935) seq = 191 
2025/10/27 14:05:47.339906 udp.go:939: Recieved From Client0 (193/935) seq = 192 
2025/10/27 14:05:47.350203 udp.go:939: Recieved From Client0 (194/935) seq = 193 
2025/10/27 14:05:47.360808 udp.go:939: Recieved From Client0 (195/935) seq = 194 
2025/10/27 14:05:47.371582 udp.go:939: Recieved From Client0 (196/935) seq = 195 
2025/10/27 14:05:47.382236 udp.go:939: Recieved From Client0 (197/935) seq = 196 
2025/10/27 14:05:47.393312 udp.go:939: Recieved From Client0 (198/935) seq = 197 
2025/10/27 14:05:47.404320 udp.go:939: Recieved From Client0 (199/935) seq = 198 
2025/10/27 14:05:47.414885 udp.go:939: Recieved From Client0 (200/935) seq = 199 
2025/10/27 14:05:47.425773 udp.go:939: Recieved From Client0 (201/935) seq = 200 
2025/10/27 14:05:47.436093 udp.go:939: Recieved From Client0 (202/935) seq = 201 
2025/10/27 14:05:47.446767 udp.go:939: Recieved From Client0 (203/935) seq = 202 
2025/10/27 14:05:47.457499 udp.go:939: Recieved From Client0 (204/935) seq = 203 
2025/10/27 14:05:47.467868 udp.go:939: Recieved From Client0 (205/935) seq = 204 
2025/10/27 14:05:47.479040 udp.go:939: Recieved From Client0 (206/935) seq = 205 
2025/10/27 14:05:47.489639 udp.go:939: Recieved From Client0 (207/935) seq = 206 
2025/10/27 14:05:47.499964 udp.go:939: Recieved From Client0 (208/935) seq = 207 
2025/10/27 14:05:47.510672 udp.go:939: Recieved From Client0 (209/935) seq = 208 
2025/10/27 14:05:47.521293 udp.go:939: Recieved From Client0 (210/935) seq = 209 
2025/10/27 14:05:47.531641 udp.go:939: Recieved From Client0 (211/935) seq = 210 
2025/10/27 14:05:47.542360 udp.go:939: Recieved From Client0 (212/935) seq = 211 
2025/10/27 14:05:47.553019 udp.go:939: Recieved From Client0 (213/935) seq = 212 
2025/10/27 14:05:47.563705 udp.go:939: Recieved From Client0 (214/935) seq = 213 
2025/10/27 14:05:47.574341 udp.go:939: Recieved From Client0 (215/935) seq = 214 
2025/10/27 14:05:47.585561 udp.go:939: Recieved From Client0 (216/935) seq = 215 
2025/10/27 14:05:47.596117 udp.go:939: Recieved From Client0 (217/935) seq = 216 
2025/10/27 14:05:47.607048 udp.go:939: Recieved From Client0 (218/935) seq = 217 
2025/10/27 14:05:47.618151 udp.go:939: Recieved From Client0 (219/935) seq = 218 
2025/10/27 14:05:47.628671 udp.go:939: Recieved From Client0 (220/935) seq = 219 
2025/10/27 14:05:47.639761 udp.go:939: Recieved From Client0 (221/935) seq = 220 
2025/10/27 14:05:47.651053 udp.go:939: Recieved From Client0 (222/935) seq = 221 
2025/10/27 14:05:47.661740 udp.go:939: Recieved From Client0 (223/935) seq = 222 
2025/10/27 14:05:47.672309 udp.go:939: Recieved From Client0 (224/935) seq = 223 
2025/10/27 14:05:47.683097 udp.go:939: Recieved From Client0 (225/935) seq = 224 
2025/10/27 14:05:47.694100 udp.go:939: Recieved From Client0 (226/935) seq = 225 
2025/10/27 14:05:47.705103 udp.go:939: Recieved From Client0 (227/935) seq = 226 
2025/10/27 14:05:47.715600 udp.go:939: Recieved From Client0 (228/935) seq = 227 
2025/10/27 14:05:47.726628 udp.go:939: Recieved From Client0 (229/935) seq = 228 
2025/10/27 14:05:47.737487 udp.go:939: Recieved From Client0 (230/935) seq = 229 
2025/10/27 14:05:47.748690 udp.go:939: Recieved From Client0 (231/935) seq = 230 
2025/10/27 14:05:47.759205 udp.go:939: Recieved From Client0 (232/935) seq = 231 
2025/10/27 14:05:47.770206 udp.go:939: Recieved From Client0 (233/935) seq = 232 
2025/10/27 14:05:47.781205 udp.go:939: Recieved From Client0 (234/935) seq = 233 
2025/10/27 14:05:47.792203 udp.go:939: Recieved From Client0 (235/935) seq = 234 
2025/10/27 14:05:47.802792 udp.go:939: Recieved From Client0 (236/935) seq = 235 
2025/10/27 14:05:47.813789 udp.go:939: Recieved From Client0 (237/935) seq = 236 
2025/10/27 14:05:47.824800 udp.go:939: Recieved From Client0 (238/935) seq = 237 
2025/10/27 14:05:47.835799 udp.go:939: Recieved From Client0 (239/935) seq = 238 
2025/10/27 14:05:47.845799 udp.go:939: Recieved From Client0 (240/935) seq = 239 
2025/10/27 14:05:47.856891 udp.go:939: Recieved From Client0 (241/935) seq = 240 
2025/10/27 14:05:47.867668 udp.go:939: Recieved From Client0 (242/935) seq = 241 
2025/10/27 14:05:47.878722 udp.go:939: Recieved From Client0 (243/935) seq = 242 
2025/10/27 14:05:47.889846 udp.go:939: Recieved From Client0 (244/935) seq = 243 
2025/10/27 14:05:47.924174 udp.go:939: Recieved From Client0 (245/935) seq = 244 
2025/10/27 14:05:47.962250 udp.go:939: Recieved From Client0 (246/935) seq = 245 
2025/10/27 14:05:48.000902 udp.go:939: Recieved From Client0 (247/935) seq = 246 
2025/10/27 14:05:48.040249 udp.go:939: Recieved From Client0 (248/935) seq = 247 
2025/10/27 14:05:48.081001 udp.go:939: Recieved From Client0 (249/935) seq = 248 
2025/10/27 14:05:48.121999 udp.go:939: Recieved From Client0 (250/935) seq = 249 
2025/10/27 14:05:48.163998 udp.go:939: Recieved From Client0 (251/935) seq = 250 
2025/10/27 14:05:48.206550 udp.go:939: Recieved From Client0 (252/935) seq = 251 
2025/10/27 14:05:48.250538 udp.go:939: Recieved From Client0 (253/935) seq = 252 
2025/10/27 14:05:48.294322 udp.go:939: Recieved From Client0 (254/935) seq = 253 
2025/10/27 14:05:48.337925 udp.go:939: Recieved From Client0 (255/935) seq = 254 
2025/10/27 14:05:48.382225 udp.go:939: Recieved From Client0 (256/935) seq = 255 
2025/10/27 14:05:48.426331 udp.go:939: Recieved From Client0 (257/935) seq = 256 
2025/10/27 14:05:48.470779 udp.go:939: Recieved From Client0 (258/935) seq = 257 
2025/10/27 14:05:48.518078 udp.go:939: Recieved From Client0 (259/935) seq = 258 
2025/10/27 14:05:48.567424 udp.go:939: Recieved From Client0 (260/935) seq = 259 
2025/10/27 14:05:48.631251 udp.go:939: Recieved From Client0 (261/935) seq = 260 
2025/10/27 14:05:48.677435 udp.go:939: Recieved From Client0 (262/935) seq = 261 
2025/10/27 14:05:48.716977 udp.go:939: Recieved From Client0 (263/935) seq = 262 
2025/10/27 14:05:48.764040 udp.go:939: Recieved From Client0 (264/935) seq = 263 
2025/10/27 14:05:48.807741 udp.go:939: Recieved From Client0 (265/935) seq = 264 
2025/10/27 14:05:48.852423 udp.go:939: Recieved From Client0 (266/935) seq = 265 
2025/10/27 14:05:48.896725 udp.go:939: Recieved From Client0 (267/935) seq = 266 
2025/10/27 14:05:48.939989 udp.go:939: Recieved From Client0 (268/935) seq = 267 
2025/10/27 14:05:48.982506 udp.go:939: Recieved From Client0 (269/935) seq = 268 
2025/10/27 14:05:49.024146 udp.go:939: Recieved From Client0 (270/935) seq = 269 
2025/10/27 14:05:49.063145 udp.go:939: Recieved From Client0 (271/935) seq = 270 
2025/10/27 14:05:49.100436 udp.go:939: Recieved From Client0 (272/935) seq = 271 
2025/10/27 14:05:49.135561 udp.go:939: Recieved From Client0 (273/935) seq = 272 
2025/10/27 14:05:49.168171 udp.go:939: Recieved From Client0 (274/935) seq = 273 
2025/10/27 14:05:49.199234 udp.go:939: Recieved From Client0 (275/935) seq = 274 
2025/10/27 14:05:49.228045 udp.go:939: Recieved From Client0 (276/935) seq = 275 
2025/10/27 14:05:49.254385 udp.go:939: Recieved From Client0 (277/935) seq = 276 
2025/10/27 14:05:49.279431 udp.go:939: Recieved From Client0 (278/935) seq = 277 
2025/10/27 14:05:49.303200 udp.go:939: Recieved From Client0 (279/935) seq = 278 
2025/10/27 14:05:49.323616 udp.go:939: Recieved From Client0 (280/935) seq = 279 
2025/10/27 14:05:49.342706 udp.go:939: Recieved From Client0 (281/935) seq = 280 
2025/10/27 14:05:49.360378 udp.go:939: Recieved From Client0 (282/935) seq = 281 
2025/10/27 14:05:49.376509 udp.go:939: Recieved From Client0 (283/935) seq = 282 
2025/10/27 14:05:49.392347 udp.go:939: Recieved From Client0 (284/935) seq = 283 
2025/10/27 14:05:49.406575 udp.go:939: Recieved From Client0 (285/935) seq = 284 
2025/10/27 14:05:49.419149 udp.go:939: Recieved From Client0 (286/935) seq = 285 
2025/10/27 14:05:49.430872 udp.go:939: Recieved From Client0 (287/935) seq = 286 
2025/10/27 14:05:49.441754 udp.go:939: Recieved From Client0 (288/935) seq = 287 
2025/10/27 14:05:49.452183 udp.go:939: Recieved From Client0 (289/935) seq = 288 
2025/10/27 14:05:49.462635 udp.go:939: Recieved From Client0 (290/935) seq = 289 
2025/10/27 14:05:49.472568 udp.go:939: Recieved From Client0 (291/935) seq = 290 
2025/10/27 14:05:49.481834 udp.go:939: Recieved From Client0 (292/935) seq = 291 
2025/10/27 14:05:49.490024 udp.go:939: Recieved From Client0 (293/935) seq = 292 
2025/10/27 14:05:49.498199 udp.go:939: Recieved From Client0 (294/935) seq = 293 
2025/10/27 14:05:49.505581 udp.go:939: Recieved From Client0 (295/935) seq = 294 
2025/10/27 14:05:49.512165 udp.go:939: Recieved From Client0 (296/935) seq = 295 
2025/10/27 14:05:49.519136 udp.go:939: Recieved From Client0 (297/935) seq = 296 
2025/10/27 14:05:49.526275 udp.go:939: Recieved From Client0 (298/935) seq = 297 
2025/10/27 14:05:49.533186 udp.go:939: Recieved From Client0 (299/935) seq = 298 
2025/10/27 14:05:49.539498 udp.go:939: Recieved From Client0 (300/935) seq = 299 
2025/10/27 14:05:49.545909 udp.go:939: Recieved From Client0 (301/935) seq = 300 
2025/10/27 14:05:49.551774 udp.go:939: Recieved From Client0 (302/935) seq = 301 
2025/10/27 14:05:49.557134 udp.go:939: Recieved From Client0 (303/935) seq = 302 
2025/10/27 14:05:49.562571 udp.go:939: Recieved From Client0 (304/935) seq = 303 
2025/10/27 14:05:49.567694 udp.go:939: Recieved From Client0 (305/935) seq = 304 
2025/10/27 14:05:49.572365 udp.go:939: Recieved From Client0 (306/935) seq = 305 
2025/10/27 14:05:49.577543 udp.go:939: Recieved From Client0 (307/935) seq = 306 
2025/10/27 14:05:49.582551 udp.go:939: Recieved From Client0 (308/935) seq = 307 
2025/10/27 14:05:49.587840 udp.go:939: Recieved From Client0 (309/935) seq = 308 
2025/10/27 14:05:49.592987 udp.go:939: Recieved From Client0 (310/935) seq = 309 
2025/10/27 14:05:49.597394 udp.go:939: Recieved From Client0 (311/935) seq = 310 
2025/10/27 14:05:49.601818 udp.go:939: Recieved From Client0 (312/935) seq = 311 
2025/10/27 14:05:49.606841 udp.go:939: Recieved From Client0 (313/935) seq = 312 
2025/10/27 14:05:49.610961 udp.go:939: Recieved From Client0 (314/935) seq = 313 
2025/10/27 14:05:49.616154 udp.go:939: Recieved From Client0 (315/935) seq = 314 
2025/10/27 14:05:49.620674 udp.go:939: Recieved From Client0 (316/935) seq = 315 
2025/10/27 14:05:49.625036 udp.go:939: Recieved From Client0 (317/935) seq = 316 
2025/10/27 14:05:49.629559 udp.go:939: Recieved From Client0 (318/935) seq = 317 
2025/10/27 14:05:49.634135 udp.go:939: Recieved From Client0 (319/935) seq = 318 
2025/10/27 14:05:49.638974 udp.go:939: Recieved From Client0 (320/935) seq = 319 
2025/10/27 14:05:49.642666 udp.go:939: Recieved From Client0 (321/935) seq = 320 
2025/10/27 14:05:49.647638 udp.go:939: Recieved From Client0 (322/935) seq = 321 
2025/10/27 14:05:49.651450 udp.go:939: Recieved From Client0 (323/935) seq = 322 
2025/10/27 14:05:49.655363 udp.go:939: Recieved From Client0 (324/935) seq = 323 
2025/10/27 14:05:49.659938 udp.go:939: Recieved From Client0 (325/935) seq = 324 
2025/10/27 14:05:49.663462 udp.go:939: Recieved From Client0 (326/935) seq = 325 
2025/10/27 14:05:49.667476 udp.go:939: Recieved From Client0 (327/935) seq = 326 
2025/10/27 14:05:49.672108 udp.go:939: Recieved From Client0 (328/935) seq = 327 
2025/10/27 14:05:49.677350 udp.go:939: Recieved From Client0 (329/935) seq = 328 
2025/10/27 14:05:49.681266 udp.go:939: Recieved From Client0 (330/935) seq = 329 
2025/10/27 14:05:49.685751 udp.go:939: Recieved From Client0 (331/935) seq = 330 
2025/10/27 14:05:49.689668 udp.go:939: Recieved From Client0 (332/935) seq = 331 
2025/10/27 14:05:49.693892 udp.go:939: Recieved From Client0 (333/935) seq = 332 
2025/10/27 14:05:49.697830 udp.go:939: Recieved From Client0 (334/935) seq = 333 
2025/10/27 14:05:49.701517 udp.go:939: Recieved From Client0 (335/935) seq = 334 
2025/10/27 14:05:49.705667 udp.go:939: Recieved From Client0 (336/935) seq = 335 
2025/10/27 14:05:49.710596 udp.go:939: Recieved From Client0 (337/935) seq = 336 
2025/10/27 14:05:49.715044 udp.go:939: Recieved From Client0 (338/935) seq = 337 
2025/10/27 14:05:49.719307 udp.go:939: Recieved From Client0 (339/935) seq = 338 
2025/10/27 14:05:49.723869 udp.go:939: Recieved From Client0 (340/935) seq = 339 
2025/10/27 14:05:49.728238 udp.go:939: Recieved From Client0 (341/935) seq = 340 
2025/10/27 14:05:49.732559 udp.go:939: Recieved From Client0 (342/935) seq = 341 
2025/10/27 14:05:49.736449 udp.go:939: Recieved From Client0 (343/935) seq = 342 
2025/10/27 14:05:49.741410 udp.go:939: Recieved From Client0 (344/935) seq = 343 
2025/10/27 14:05:49.745764 udp.go:939: Recieved From Client0 (345/935) seq = 344 
2025/10/27 14:05:49.750683 udp.go:939: Recieved From Client0 (346/935) seq = 345 
2025/10/27 14:05:49.755475 udp.go:939: Recieved From Client0 (347/935) seq = 346 
2025/10/27 14:05:49.760015 udp.go:939: Recieved From Client0 (348/935) seq = 347 
2025/10/27 14:05:49.764931 udp.go:939: Recieved From Client0 (349/935) seq = 348 
2025/10/27 14:05:49.769931 udp.go:939: Recieved From Client0 (350/935) seq = 349 
2025/10/27 14:05:49.774323 udp.go:939: Recieved From Client0 (351/935) seq = 350 
2025/10/27 14:05:49.778900 udp.go:939: Recieved From Client0 (352/935) seq = 351 
2025/10/27 14:05:49.783685 udp.go:939: Recieved From Client0 (353/935) seq = 352 
2025/10/27 14:05:49.789057 udp.go:939: Recieved From Client0 (354/935) seq = 353 
2025/10/27 14:05:49.794068 udp.go:939: Recieved From Client0 (355/935) seq = 354 
2025/10/27 14:05:49.799029 udp.go:939: Recieved From Client0 (356/935) seq = 355 
2025/10/27 14:05:49.803480 udp.go:939: Recieved From Client0 (357/935) seq = 356 
2025/10/27 14:05:49.808221 udp.go:939: Recieved From Client0 (358/935) seq = 357 
2025/10/27 14:05:49.813361 udp.go:939: Recieved From Client0 (359/935) seq = 358 
2025/10/27 14:05:49.818283 udp.go:939: Recieved From Client0 (360/935) seq = 359 
2025/10/27 14:05:49.823280 udp.go:939: Recieved From Client0 (361/935) seq = 360 
2025/10/27 14:05:49.828343 udp.go:939: Recieved From Client0 (362/935) seq = 361 
2025/10/27 14:05:49.833192 udp.go:939: Recieved From Client0 (363/935) seq = 362 
2025/10/27 14:05:49.838642 udp.go:939: Recieved From Client0 (364/935) seq = 363 
2025/10/27 14:05:49.844191 udp.go:939: Recieved From Client0 (365/935) seq = 364 
2025/10/27 14:05:49.849267 udp.go:939: Recieved From Client0 (366/935) seq = 365 
2025/10/27 14:05:49.854571 udp.go:939: Recieved From Client0 (367/935) seq = 366 
2025/10/27 14:05:49.859605 udp.go:939: Recieved From Client0 (368/935) seq = 367 
2025/10/27 14:05:49.865602 udp.go:939: Recieved From Client0 (369/935) seq = 368 
2025/10/27 14:05:49.871616 udp.go:939: Recieved From Client0 (370/935) seq = 369 
2025/10/27 14:05:49.877368 udp.go:939: Recieved From Client0 (371/935) seq = 370 
2025/10/27 14:05:49.882890 udp.go:939: Recieved From Client0 (372/935) seq = 371 
2025/10/27 14:05:49.888693 udp.go:939: Recieved From Client0 (373/935) seq = 372 
2025/10/27 14:05:49.894830 udp.go:939: Recieved From Client0 (374/935) seq = 373 
2025/10/27 14:05:49.901336 udp.go:939: Recieved From Client0 (375/935) seq = 374 
2025/10/27 14:05:49.906911 udp.go:939: Recieved From Client0 (376/935) seq = 375 
2025/10/27 14:05:49.913547 udp.go:939: Recieved From Client0 (377/935) seq = 376 
2025/10/27 14:05:49.919484 udp.go:939: Recieved From Client0 (378/935) seq = 377 
2025/10/27 14:05:49.926246 udp.go:939: Recieved From Client0 (379/935) seq = 378 
2025/10/27 14:05:49.933019 udp.go:939: Recieved From Client0 (380/935) seq = 379 
2025/10/27 14:05:49.940145 udp.go:939: Recieved From Client0 (381/935) seq = 380 
2025/10/27 14:05:49.947169 udp.go:939: Recieved From Client0 (382/935) seq = 381 
2025/10/27 14:05:49.954466 udp.go:939: Recieved From Client0 (383/935) seq = 382 
2025/10/27 14:05:49.961022 udp.go:939: Recieved From Client0 (384/935) seq = 383 
2025/10/27 14:05:49.967812 udp.go:939: Recieved From Client0 (385/935) seq = 384 
2025/10/27 14:05:49.975079 udp.go:939: Recieved From Client0 (386/935) seq = 385 
2025/10/27 14:05:49.981861 udp.go:939: Recieved From Client0 (387/935) seq = 386 
2025/10/27 14:05:49.989232 udp.go:939: Recieved From Client0 (388/935) seq = 387 
2025/10/27 14:05:49.996838 udp.go:939: Recieved From Client0 (389/935) seq = 388 
2025/10/27 14:05:50.003679 udp.go:939: Recieved From Client0 (390/935) seq = 389 
2025/10/27 14:05:50.011938 udp.go:939: Recieved From Client0 (391/935) seq = 390 
2025/10/27 14:05:50.019058 udp.go:939: Recieved From Client0 (392/935) seq = 391 
2025/10/27 14:05:50.026929 udp.go:939: Recieved From Client0 (393/935) seq = 392 
2025/10/27 14:05:50.034447 udp.go:939: Recieved From Client0 (394/935) seq = 393 
2025/10/27 14:05:50.042464 udp.go:939: Recieved From Client0 (395/935) seq = 394 
2025/10/27 14:05:50.051095 udp.go:939: Recieved From Client0 (396/935) seq = 395 
2025/10/27 14:05:50.059021 udp.go:939: Recieved From Client0 (397/935) seq = 396 
2025/10/27 14:05:50.067256 udp.go:939: Recieved From Client0 (398/935) seq = 397 
2025/10/27 14:05:50.075375 udp.go:939: Recieved From Client0 (399/935) seq = 398 
2025/10/27 14:05:50.084263 udp.go:939: Recieved From Client0 (400/935) seq = 399 
2025/10/27 14:05:50.093267 udp.go:939: Recieved From Client0 (401/935) seq = 400 
2025/10/27 14:05:50.102142 udp.go:939: Recieved From Client0 (402/935) seq = 401 
2025/10/27 14:05:50.110841 udp.go:939: Recieved From Client0 (403/935) seq = 402 
2025/10/27 14:05:50.119962 udp.go:939: Recieved From Client0 (404/935) seq = 403 
2025/10/27 14:05:50.129496 udp.go:939: Recieved From Client0 (405/935) seq = 404 
2025/10/27 14:05:50.138380 udp.go:939: Recieved From Client0 (406/935) seq = 405 
2025/10/27 14:05:50.147910 udp.go:939: Recieved From Client0 (407/935) seq = 406 
2025/10/27 14:05:50.157174 udp.go:939: Recieved From Client0 (408/935) seq = 407 
2025/10/27 14:05:50.166578 udp.go:939: Recieved From Client0 (409/935) seq = 408 
2025/10/27 14:05:50.176211 udp.go:939: Recieved From Client0 (410/935) seq = 409 
2025/10/27 14:05:50.185875 udp.go:939: Recieved From Client0 (411/935) seq = 410 
2025/10/27 14:05:50.196109 udp.go:939: Recieved From Client0 (412/935) seq = 411 
2025/10/27 14:05:50.205889 udp.go:939: Recieved From Client0 (413/935) seq = 412 
2025/10/27 14:05:50.216431 udp.go:939: Recieved From Client0 (414/935) seq = 413 
2025/10/27 14:05:50.226320 udp.go:939: Recieved From Client0 (415/935) seq = 414 
2025/10/27 14:05:50.237057 udp.go:939: Recieved From Client0 (416/935) seq = 415 
2025/10/27 14:05:50.247266 udp.go:939: Recieved From Client0 (417/935) seq = 416 
2025/10/27 14:05:50.258142 udp.go:939: Recieved From Client0 (418/935) seq = 417 
2025/10/27 14:05:50.269341 udp.go:939: Recieved From Client0 (419/935) seq = 418 
2025/10/27 14:05:50.280615 udp.go:939: Recieved From Client0 (420/935) seq = 419 
2025/10/27 14:05:50.291883 udp.go:939: Recieved From Client0 (421/935) seq = 420 
2025/10/27 14:05:50.303200 udp.go:939: Recieved From Client0 (422/935) seq = 421 
2025/10/27 14:05:50.314815 udp.go:939: Recieved From Client0 (423/935) seq = 422 
2025/10/27 14:05:50.325996 udp.go:939: Recieved From Client0 (424/935) seq = 423 
2025/10/27 14:05:50.337472 udp.go:939: Recieved From Client0 (425/935) seq = 424 
2025/10/27 14:05:50.349992 udp.go:939: Recieved From Client0 (426/935) seq = 425 
2025/10/27 14:05:50.362279 udp.go:939: Recieved From Client0 (427/935) seq = 426 
2025/10/27 14:05:50.374653 udp.go:939: Recieved From Client0 (428/935) seq = 427 
2025/10/27 14:05:50.386742 udp.go:939: Recieved From Client0 (429/935) seq = 428 
2025/10/27 14:05:50.399376 udp.go:939: Recieved From Client0 (430/935) seq = 429 
2025/10/27 14:05:50.412178 udp.go:939: Recieved From Client0 (431/935) seq = 430 
2025/10/27 14:05:50.424668 udp.go:939: Recieved From Client0 (432/935) seq = 431 
2025/10/27 14:05:50.438423 udp.go:939: Recieved From Client0 (433/935) seq = 432 
2025/10/27 14:05:50.451911 udp.go:939: Recieved From Client0 (434/935) seq = 433 
2025/10/27 14:05:50.464214 udp.go:939: Recieved From Client0 (435/935) seq = 434 
2025/10/27 14:05:50.477885 udp.go:939: Recieved From Client0 (436/935) seq = 435 
2025/10/27 14:05:50.490912 udp.go:939: Recieved From Client0 (437/935) seq = 436 
2025/10/27 14:05:50.505014 udp.go:939: Recieved From Client0 (438/935) seq = 437 
2025/10/27 14:05:50.518714 udp.go:939: Recieved From Client0 (439/935) seq = 438 
2025/10/27 14:05:50.532546 udp.go:939: Recieved From Client0 (440/935) seq = 439 
2025/10/27 14:05:50.546903 udp.go:939: Recieved From Client0 (441/935) seq = 440 
2025/10/27 14:05:50.561321 udp.go:939: Recieved From Client0 (442/935) seq = 441 
2025/10/27 14:05:50.576395 udp.go:939: Recieved From Client0 (443/935) seq = 442 
2025/10/27 14:05:50.590755 udp.go:939: Recieved From Client0 (444/935) seq = 443 
2025/10/27 14:05:50.606066 udp.go:939: Recieved From Client0 (445/935) seq = 444 
2025/10/27 14:05:50.620704 udp.go:939: Recieved From Client0 (446/935) seq = 445 
2025/10/27 14:05:50.636191 udp.go:939: Recieved From Client0 (447/935) seq = 446 
2025/10/27 14:05:50.650903 udp.go:939: Recieved From Client0 (448/935) seq = 447 
2025/10/27 14:05:50.666741 udp.go:939: Recieved From Client0 (449/935) seq = 448 
2025/10/27 14:05:50.681777 udp.go:939: Recieved From Client0 (450/935) seq = 449 
2025/10/27 14:05:50.696743 udp.go:939: Recieved From Client0 (451/935) seq = 450 
2025/10/27 14:05:50.713082 udp.go:939: Recieved From Client0 (452/935) seq = 451 
2025/10/27 14:05:50.729054 udp.go:939: Recieved From Client0 (453/935) seq = 452 
2025/10/27 14:05:50.744536 udp.go:939: Recieved From Client0 (454/935) seq = 453 
2025/10/27 14:05:50.760100 udp.go:939: Recieved From Client0 (455/935) seq = 454 
2025/10/27 14:05:50.776290 udp.go:939: Recieved From Client0 (456/935) seq = 455 
2025/10/27 14:05:50.792044 udp.go:939: Recieved From Client0 (457/935) seq = 456 
2025/10/27 14:05:50.807873 udp.go:939: Recieved From Client0 (458/935) seq = 457 
2025/10/27 14:05:50.824475 udp.go:939: Recieved From Client0 (459/935) seq = 458 
2025/10/27 14:05:50.840568 udp.go:939: Recieved From Client0 (460/935) seq = 459 
2025/10/27 14:05:50.857330 udp.go:939: Recieved From Client0 (461/935) seq = 460 
2025/10/27 14:05:50.874060 udp.go:939: Recieved From Client0 (462/935) seq = 461 
2025/10/27 14:05:50.890447 udp.go:939: Recieved From Client0 (463/935) seq = 462 
2025/10/27 14:05:50.906884 udp.go:939: Recieved From Client0 (464/935) seq = 463 
2025/10/27 14:05:50.922958 udp.go:939: Recieved From Client0 (465/935) seq = 464 
2025/10/27 14:05:50.939055 udp.go:939: Recieved From Client0 (466/935) seq = 465 
2025/10/27 14:05:50.955564 udp.go:939: Recieved From Client0 (467/935) seq = 466 
2025/10/27 14:05:50.972839 udp.go:939: Recieved From Client0 (468/935) seq = 467 
2025/10/27 14:05:50.989678 udp.go:939: Recieved From Client0 (469/935) seq = 468 
2025/10/27 14:05:51.006461 udp.go:939: Recieved From Client0 (470/935) seq = 469 
2025/10/27 14:05:51.023047 udp.go:939: Recieved From Client0 (471/935) seq = 470 
2025/10/27 14:05:51.038919 udp.go:939: Recieved From Client0 (472/935) seq = 471 
2025/10/27 14:05:51.055277 udp.go:939: Recieved From Client0 (473/935) seq = 472 
2025/10/27 14:05:51.071547 udp.go:939: Recieved From Client0 (474/935) seq = 473 
2025/10/27 14:05:51.088079 udp.go:939: Recieved From Client0 (475/935) seq = 474 
2025/10/27 14:05:51.104233 udp.go:939: Recieved From Client0 (476/935) seq = 475 
2025/10/27 14:05:51.120623 udp.go:939: Recieved From Client0 (477/935) seq = 476 
2025/10/27 14:05:51.137054 udp.go:939: Recieved From Client0 (478/935) seq = 477 
2025/10/27 14:05:51.153198 udp.go:939: Recieved From Client0 (479/935) seq = 478 
2025/10/27 14:05:51.169698 udp.go:939: Recieved From Client0 (480/935) seq = 479 
2025/10/27 14:05:51.185832 udp.go:939: Recieved From Client0 (481/935) seq = 480 
2025/10/27 14:05:51.201990 udp.go:939: Recieved From Client0 (482/935) seq = 481 
2025/10/27 14:05:51.217900 udp.go:939: Recieved From Client0 (483/935) seq = 482 
2025/10/27 14:05:51.233931 udp.go:939: Recieved From Client0 (484/935) seq = 483 
2025/10/27 14:05:51.249967 udp.go:939: Recieved From Client0 (485/935) seq = 484 
2025/10/27 14:05:51.265544 udp.go:939: Recieved From Client0 (486/935) seq = 485 
2025/10/27 14:05:51.280566 udp.go:939: Recieved From Client0 (487/935) seq = 486 
2025/10/27 14:05:51.296440 udp.go:939: Recieved From Client0 (488/935) seq = 487 
2025/10/27 14:05:51.312036 udp.go:939: Recieved From Client0 (489/935) seq = 488 
2025/10/27 14:05:51.327290 udp.go:939: Recieved From Client0 (490/935) seq = 489 
2025/10/27 14:05:51.341859 udp.go:939: Recieved From Client0 (491/935) seq = 490 
2025/10/27 14:05:51.356746 udp.go:939: Recieved From Client0 (492/935) seq = 491 
2025/10/27 14:05:51.370969 udp.go:939: Recieved From Client0 (493/935) seq = 492 
2025/10/27 14:05:51.385082 udp.go:939: Recieved From Client0 (494/935) seq = 493 
2025/10/27 14:05:51.398651 udp.go:939: Recieved From Client0 (495/935) seq = 494 
2025/10/27 14:05:51.412940 udp.go:939: Recieved From Client0 (496/935) seq = 495 
2025/10/27 14:05:51.426610 udp.go:939: Recieved From Client0 (497/935) seq = 496 
2025/10/27 14:05:51.440111 udp.go:939: Recieved From Client0 (498/935) seq = 497 
2025/10/27 14:05:51.453351 udp.go:939: Recieved From Client0 (499/935) seq = 498 
2025/10/27 14:05:51.466972 udp.go:939: Recieved From Client0 (500/935) seq = 499 
2025/10/27 14:05:51.480001 udp.go:939: Recieved From Client0 (501/935) seq = 500 
2025/10/27 14:05:51.492442 udp.go:939: Recieved From Client0 (502/935) seq = 501 
2025/10/27 14:05:51.505554 udp.go:939: Recieved From Client0 (503/935) seq = 502 
2025/10/27 14:05:51.518686 udp.go:939: Recieved From Client0 (504/935) seq = 503 
2025/10/27 14:05:51.530749 udp.go:939: Recieved From Client0 (505/935) seq = 504 
2025/10/27 14:05:51.543353 udp.go:939: Recieved From Client0 (506/935) seq = 505 
2025/10/27 14:05:51.556027 udp.go:939: Recieved From Client0 (507/935) seq = 506 
2025/10/27 14:05:51.567745 udp.go:939: Recieved From Client0 (508/935) seq = 507 
2025/10/27 14:05:51.579883 udp.go:939: Recieved From Client0 (509/935) seq = 508 
2025/10/27 14:05:51.592161 udp.go:939: Recieved From Client0 (510/935) seq = 509 
2025/10/27 14:05:51.604273 udp.go:939: Recieved From Client0 (511/935) seq = 510 
2025/10/27 14:05:51.616016 udp.go:939: Recieved From Client0 (512/935) seq = 511 
2025/10/27 14:05:51.627430 udp.go:939: Recieved From Client0 (513/935) seq = 512 
2025/10/27 14:05:51.638504 udp.go:939: Recieved From Client0 (514/935) seq = 513 
2025/10/27 14:05:51.649569 udp.go:939: Recieved From Client0 (515/935) seq = 514 
2025/10/27 14:05:51.660586 udp.go:939: Recieved From Client0 (516/935) seq = 515 
2025/10/27 14:05:51.671357 udp.go:939: Recieved From Client0 (517/935) seq = 516 
2025/10/27 14:05:51.682025 udp.go:939: Recieved From Client0 (518/935) seq = 517 
2025/10/27 14:05:51.692672 udp.go:939: Recieved From Client0 (519/935) seq = 518 
2025/10/27 14:05:51.703571 udp.go:939: Recieved From Client0 (520/935) seq = 519 
2025/10/27 14:05:51.713545 udp.go:939: Recieved From Client0 (521/935) seq = 520 
2025/10/27 14:05:51.724060 udp.go:939: Recieved From Client0 (522/935) seq = 521 
2025/10/27 14:05:51.733960 udp.go:939: Recieved From Client0 (523/935) seq = 522 
2025/10/27 14:05:51.743956 udp.go:939: Recieved From Client0 (524/935) seq = 523 
2025/10/27 14:05:51.753656 udp.go:939: Recieved From Client0 (525/935) seq = 524 
2025/10/27 14:05:51.763913 udp.go:939: Recieved From Client0 (526/935) seq = 525 
2025/10/27 14:05:51.773838 udp.go:939: Recieved From Client0 (527/935) seq = 526 
2025/10/27 14:05:51.782997 udp.go:939: Recieved From Client0 (528/935) seq = 527 
2025/10/27 14:05:51.792884 udp.go:939: Recieved From Client0 (529/935) seq = 528 
2025/10/27 14:05:51.802136 udp.go:939: Recieved From Client0 (530/935) seq = 529 
2025/10/27 14:05:51.812127 udp.go:939: Recieved From Client0 (531/935) seq = 530 
2025/10/27 14:05:51.821031 udp.go:939: Recieved From Client0 (532/935) seq = 531 
2025/10/27 14:05:51.830150 udp.go:939: Recieved From Client0 (533/935) seq = 532 
2025/10/27 14:05:51.839006 udp.go:939: Recieved From Client0 (534/935) seq = 533 
2025/10/27 14:05:51.847985 udp.go:939: Recieved From Client0 (535/935) seq = 534 
2025/10/27 14:05:51.857198 udp.go:939: Recieved From Client0 (536/935) seq = 535 
2025/10/27 14:05:51.865749 udp.go:939: Recieved From Client0 (537/935) seq = 536 
2025/10/27 14:05:51.874175 udp.go:939: Recieved From Client0 (538/935) seq = 537 
2025/10/27 14:05:51.883053 udp.go:939: Recieved From Client0 (539/935) seq = 538 
2025/10/27 14:05:51.891973 udp.go:939: Recieved From Client0 (540/935) seq = 539 
2025/10/27 14:05:51.900750 udp.go:939: Recieved From Client0 (541/935) seq = 540 
2025/10/27 14:05:51.909784 udp.go:939: Recieved From Client0 (542/935) seq = 541 
2025/10/27 14:05:51.918621 udp.go:939: Recieved From Client0 (543/935) seq = 542 
2025/10/27 14:05:51.927731 udp.go:939: Recieved From Client0 (544/935) seq = 543 
2025/10/27 14:05:51.936485 udp.go:939: Recieved From Client0 (545/935) seq = 544 
2025/10/27 14:05:51.944723 udp.go:939: Recieved From Client0 (546/935) seq = 545 
2025/10/27 14:05:51.953242 udp.go:939: Recieved From Client0 (547/935) seq = 546 
2025/10/27 14:05:51.961743 udp.go:939: Recieved From Client0 (548/935) seq = 547 
2025/10/27 14:05:51.970307 udp.go:939: Recieved From Client0 (549/935) seq = 548 
2025/10/27 14:05:51.978007 udp.go:939: Recieved From Client0 (550/935) seq = 549 
2025/10/27 14:05:51.986522 udp.go:939: Recieved From Client0 (551/935) seq = 550 
2025/10/27 14:05:51.995043 udp.go:939: Recieved From Client0 (552/935) seq = 551 
2025/10/27 14:05:52.003505 udp.go:939: Recieved From Client0 (553/935) seq = 552 
2025/10/27 14:05:52.012055 udp.go:939: Recieved From Client0 (554/935) seq = 553 
2025/10/27 14:05:52.019944 udp.go:939: Recieved From Client0 (555/935) seq = 554 
2025/10/27 14:05:52.028665 udp.go:939: Recieved From Client0 (556/935) seq = 555 
2025/10/27 14:05:52.036773 udp.go:939: Recieved From Client0 (557/935) seq = 556 
2025/10/27 14:05:52.044657 udp.go:939: Recieved From Client0 (558/935) seq = 557 
2025/10/27 14:05:52.052801 udp.go:939: Recieved From Client0 (559/935) seq = 558 
2025/10/27 14:05:52.060612 udp.go:939: Recieved From Client0 (560/935) seq = 559 
2025/10/27 14:05:52.068195 udp.go:939: Recieved From Client0 (561/935) seq = 560 
2025/10/27 14:05:52.076326 udp.go:939: Recieved From Client0 (562/935) seq = 561 
2025/10/27 14:05:52.084194 udp.go:939: Recieved From Client0 (563/935) seq = 562 
2025/10/27 14:05:52.092371 udp.go:939: Recieved From Client0 (564/935) seq = 563 
2025/10/27 14:05:52.100648 udp.go:939: Recieved From Client0 (565/935) seq = 564 
2025/10/27 14:05:52.108723 udp.go:939: Recieved From Client0 (566/935) seq = 565 
2025/10/27 14:05:52.117399 udp.go:939: Recieved From Client0 (567/935) seq = 566 
2025/10/27 14:05:52.125323 udp.go:939: Recieved From Client0 (568/935) seq = 567 
2025/10/27 14:05:52.133145 udp.go:939: Recieved From Client0 (569/935) seq = 568 
2025/10/27 14:05:52.141184 udp.go:939: Recieved From Client0 (570/935) seq = 569 
2025/10/27 14:05:52.149209 udp.go:939: Recieved From Client0 (571/935) seq = 570 
2025/10/27 14:05:52.156922 udp.go:939: Recieved From Client0 (572/935) seq = 571 
2025/10/27 14:05:52.164728 udp.go:939: Recieved From Client0 (573/935) seq = 572 
2025/10/27 14:05:52.172979 udp.go:939: Recieved From Client0 (574/935) seq = 573 
2025/10/27 14:05:52.181398 udp.go:939: Recieved From Client0 (575/935) seq = 574 
2025/10/27 14:05:52.189329 udp.go:939: Recieved From Client0 (576/935) seq = 575 
2025/10/27 14:05:52.197084 udp.go:939: Recieved From Client0 (577/935) seq = 576 
2025/10/27 14:05:52.205443 udp.go:939: Recieved From Client0 (578/935) seq = 577 
2025/10/27 14:05:52.213360 udp.go:939: Recieved From Client0 (579/935) seq = 578 
2025/10/27 14:05:52.221121 udp.go:939: Recieved From Client0 (580/935) seq = 579 
2025/10/27 14:05:52.230061 udp.go:939: Recieved From Client0 (581/935) seq = 580 
2025/10/27 14:05:52.238066 udp.go:939: Recieved From Client0 (582/935) seq = 581 
2025/10/27 14:05:52.247018 udp.go:939: Recieved From Client0 (583/935) seq = 582 
2025/10/27 14:05:52.255495 udp.go:939: Recieved From Client0 (584/935) seq = 583 
2025/10/27 14:05:52.264065 udp.go:939: Recieved From Client0 (585/935) seq = 584 
2025/10/27 14:05:52.273088 udp.go:939: Recieved From Client0 (586/935) seq = 585 
2025/10/27 14:05:52.281836 udp.go:939: Recieved From Client0 (587/935) seq = 586 
2025/10/27 14:05:52.289715 udp.go:939: Recieved From Client0 (588/935) seq = 587 
2025/10/27 14:05:52.297987 udp.go:939: Recieved From Client0 (589/935) seq = 588 
2025/10/27 14:05:52.306455 udp.go:939: Recieved From Client0 (590/935) seq = 589 
2025/10/27 14:05:52.314937 udp.go:939: Recieved From Client0 (591/935) seq = 590 
2025/10/27 14:05:52.322812 udp.go:939: Recieved From Client0 (592/935) seq = 591 
2025/10/27 14:05:52.331556 udp.go:939: Recieved From Client0 (593/935) seq = 592 
2025/10/27 14:05:52.340475 udp.go:939: Recieved From Client0 (594/935) seq = 593 
2025/10/27 14:05:52.348604 udp.go:939: Recieved From Client0 (595/935) seq = 594 
2025/10/27 14:05:52.356499 udp.go:939: Recieved From Client0 (596/935) seq = 595 
2025/10/27 14:05:52.364990 udp.go:939: Recieved From Client0 (597/935) seq = 596 
2025/10/27 14:05:52.373893 udp.go:939: Recieved From Client0 (598/935) seq = 597 
2025/10/27 14:05:52.382261 udp.go:939: Recieved From Client0 (599/935) seq = 598 
2025/10/27 14:05:52.390414 udp.go:939: Recieved From Client0 (600/935) seq = 599 
2025/10/27 14:05:52.399025 udp.go:939: Recieved From Client0 (601/935) seq = 600 
2025/10/27 14:05:52.408554 udp.go:939: Recieved From Client0 (602/935) seq = 601 
2025/10/27 14:05:52.417151 udp.go:939: Recieved From Client0 (603/935) seq = 602 
2025/10/27 14:05:52.426458 udp.go:939: Recieved From Client0 (604/935) seq = 603 
2025/10/27 14:05:52.435278 udp.go:939: Recieved From Client0 (605/935) seq = 604 
2025/10/27 14:05:52.443639 udp.go:939: Recieved From Client0 (606/935) seq = 605 
2025/10/27 14:05:52.452225 udp.go:939: Recieved From Client0 (607/935) seq = 606 
2025/10/27 14:05:52.461055 udp.go:939: Recieved From Client0 (608/935) seq = 607 
2025/10/27 14:05:52.469794 udp.go:939: Recieved From Client0 (609/935) seq = 608 
2025/10/27 14:05:52.478774 udp.go:939: Recieved From Client0 (610/935) seq = 609 
2025/10/27 14:05:52.487841 udp.go:939: Recieved From Client0 (611/935) seq = 610 
2025/10/27 14:05:52.496837 udp.go:939: Recieved From Client0 (612/935) seq = 611 
2025/10/27 14:05:52.505917 udp.go:939: Recieved From Client0 (613/935) seq = 612 
2025/10/27 14:05:52.515471 udp.go:939: Recieved From Client0 (614/935) seq = 613 
2025/10/27 14:05:52.524367 udp.go:939: Recieved From Client0 (615/935) seq = 614 
2025/10/27 14:05:52.533134 udp.go:939: Recieved From Client0 (616/935) seq = 615 
2025/10/27 14:05:52.542596 udp.go:939: Recieved From Client0 (617/935) seq = 616 
2025/10/27 14:05:52.551915 udp.go:939: Recieved From Client0 (618/935) seq = 617 
2025/10/27 14:05:52.560769 udp.go:939: Recieved From Client0 (619/935) seq = 618 
2025/10/27 14:05:52.570375 udp.go:939: Recieved From Client0 (620/935) seq = 619 
2025/10/27 14:05:52.579995 udp.go:939: Recieved From Client0 (621/935) seq = 620 
2025/10/27 14:05:52.589623 udp.go:939: Recieved From Client0 (622/935) seq = 621 
2025/10/27 14:05:52.599341 udp.go:939: Recieved From Client0 (623/935) seq = 622 
2025/10/27 14:05:52.608606 udp.go:939: Recieved From Client0 (624/935) seq = 623 
2025/10/27 14:05:52.618160 udp.go:939: Recieved From Client0 (625/935) seq = 624 
2025/10/27 14:05:52.628249 udp.go:939: Recieved From Client0 (626/935) seq = 625 
2025/10/27 14:05:52.638702 udp.go:939: Recieved From Client0 (627/935) seq = 626 
2025/10/27 14:05:52.648306 udp.go:939: Recieved From Client0 (628/935) seq = 627 
2025/10/27 14:05:52.657884 udp.go:939: Recieved From Client0 (629/935) seq = 628 
2025/10/27 14:05:52.668236 udp.go:939: Recieved From Client0 (630/935) seq = 629 
2025/10/27 14:05:52.678262 udp.go:939: Recieved From Client0 (631/935) seq = 630 
2025/10/27 14:05:52.688520 udp.go:939: Recieved From Client0 (632/935) seq = 631 
2025/10/27 14:05:52.698834 udp.go:939: Recieved From Client0 (633/935) seq = 632 
2025/10/27 14:05:52.709021 udp.go:939: Recieved From Client0 (634/935) seq = 633 
2025/10/27 14:05:52.718564 udp.go:939: Recieved From Client0 (635/935) seq = 634 
2025/10/27 14:05:52.755617 udp.go:939: Recieved From Client0 (636/935) seq = 635 
2025/10/27 14:05:52.791843 udp.go:939: Recieved From Client0 (637/935) seq = 636 
2025/10/27 14:05:52.851661 udp.go:939: Recieved From Client0 (638/935) seq = 637 
2025/10/27 14:05:52.891897 udp.go:939: Recieved From Client0 (639/935) seq = 638 
2025/10/27 14:05:52.891897 udp.go:939: Recieved From Client0 (640/935) seq = 639 
2025/10/27 14:05:52.945810 udp.go:939: Recieved From Client0 (641/935) seq = 640 
2025/10/27 14:05:52.946515 udp.go:939: Recieved From Client0 (642/935) seq = 641 
2025/10/27 14:05:52.958068 udp.go:939: Recieved From Client0 (643/935) seq = 642 
2025/10/27 14:05:52.971041 udp.go:939: Recieved From Client0 (644/935) seq = 643 
2025/10/27 14:05:52.982671 udp.go:939: Recieved From Client0 (645/935) seq = 644 
2025/10/27 14:05:52.995673 udp.go:939: Recieved From Client0 (646/935) seq = 645 
2025/10/27 14:05:53.008670 udp.go:939: Recieved From Client0 (647/935) seq = 646 
2025/10/27 14:05:53.021675 udp.go:939: Recieved From Client0 (648/935) seq = 647 
2025/10/27 14:05:53.034671 udp.go:939: Recieved From Client0 (649/935) seq = 648 
2025/10/27 14:05:53.048670 udp.go:939: Recieved From Client0 (650/935) seq = 649 
2025/10/27 14:05:53.062673 udp.go:939: Recieved From Client0 (651/935) seq = 650 
2025/10/27 14:05:53.075840 udp.go:939: Recieved From Client0 (652/935) seq = 651 
2025/10/27 14:05:53.089841 udp.go:939: Recieved From Client0 (653/935) seq = 652 
2025/10/27 14:05:53.103835 udp.go:939: Recieved From Client0 (654/935) seq = 653 
2025/10/27 14:05:53.118193 udp.go:939: Recieved From Client0 (655/935) seq = 654 
2025/10/27 14:05:53.132444 udp.go:939: Recieved From Client0 (656/935) seq = 655 
2025/10/27 14:05:53.146988 udp.go:939: Recieved From Client0 (657/935) seq = 656 
2025/10/27 14:05:53.161066 udp.go:939: Recieved From Client0 (658/935) seq = 657 
2025/10/27 14:05:53.175326 udp.go:939: Recieved From Client0 (659/935) seq = 658 
2025/10/27 14:05:53.190450 udp.go:939: Recieved From Client0 (660/935) seq = 659 
2025/10/27 14:05:53.205318 udp.go:939: Recieved From Client0 (661/935) seq = 660 
2025/10/27 14:05:53.220631 udp.go:939: Recieved From Client0 (662/935) seq = 661 
2025/10/27 14:05:53.235110 udp.go:939: Recieved From Client0 (663/935) seq = 662 
2025/10/27 14:05:53.249853 udp.go:939: Recieved From Client0 (664/935) seq = 663 
2025/10/27 14:05:53.264854 udp.go:939: Recieved From Client0 (665/935) seq = 664 
2025/10/27 14:05:53.280137 udp.go:939: Recieved From Client0 (666/935) seq = 665 
2025/10/27 14:05:53.294806 udp.go:939: Recieved From Client0 (667/935) seq = 666 
2025/10/27 14:05:53.309891 udp.go:939: Recieved From Client0 (668/935) seq = 667 
2025/10/27 14:05:53.325277 udp.go:939: Recieved From Client0 (669/935) seq = 668 
2025/10/27 14:05:53.340488 udp.go:939: Recieved From Client0 (670/935) seq = 669 
2025/10/27 14:05:53.356291 udp.go:939: Recieved From Client0 (671/935) seq = 670 
2025/10/27 14:05:53.371114 udp.go:939: Recieved From Client0 (672/935) seq = 671 
2025/10/27 14:05:53.386338 udp.go:939: Recieved From Client0 (673/935) seq = 672 
2025/10/27 14:05:53.401362 udp.go:939: Recieved From Client0 (674/935) seq = 673 
2025/10/27 14:05:53.416952 udp.go:939: Recieved From Client0 (675/935) seq = 674 
2025/10/27 14:05:53.431646 udp.go:939: Recieved From Client0 (676/935) seq = 675 
2025/10/27 14:05:53.446778 udp.go:939: Recieved From Client0 (677/935) seq = 676 
2025/10/27 14:05:53.462025 udp.go:939: Recieved From Client0 (678/935) seq = 677 
2025/10/27 14:05:53.476594 udp.go:939: Recieved From Client0 (679/935) seq = 678 
2025/10/27 14:05:53.490854 udp.go:939: Recieved From Client0 (680/935) seq = 679 
2025/10/27 14:05:53.505003 udp.go:939: Recieved From Client0 (681/935) seq = 680 
2025/10/27 14:05:53.518445 udp.go:939: Recieved From Client0 (682/935) seq = 681 
2025/10/27 14:05:53.531815 udp.go:939: Recieved From Client0 (683/935) seq = 682 
2025/10/27 14:05:53.545184 udp.go:939: Recieved From Client0 (684/935) seq = 683 
2025/10/27 14:05:53.558058 udp.go:939: Recieved From Client0 (685/935) seq = 684 
2025/10/27 14:05:53.570345 udp.go:939: Recieved From Client0 (686/935) seq = 685 
2025/10/27 14:05:53.583253 udp.go:939: Recieved From Client0 (687/935) seq = 686 
2025/10/27 14:05:53.595782 udp.go:939: Recieved From Client0 (688/935) seq = 687 
2025/10/27 14:05:53.606870 udp.go:939: Recieved From Client0 (689/935) seq = 688 
2025/10/27 14:05:53.619285 udp.go:939: Recieved From Client0 (690/935) seq = 689 
2025/10/27 14:05:53.630794 udp.go:939: Recieved From Client0 (691/935) seq = 690 
2025/10/27 14:05:53.642135 udp.go:939: Recieved From Client0 (692/935) seq = 691 
2025/10/27 14:05:53.653392 udp.go:939: Recieved From Client0 (693/935) seq = 692 
2025/10/27 14:05:53.665021 udp.go:939: Recieved From Client0 (694/935) seq = 693 
2025/10/27 14:05:53.677140 udp.go:939: Recieved From Client0 (695/935) seq = 694 
2025/10/27 14:05:53.688401 udp.go:939: Recieved From Client0 (696/935) seq = 695 
2025/10/27 14:05:53.700013 udp.go:939: Recieved From Client0 (697/935) seq = 696 
2025/10/27 14:05:53.711229 udp.go:939: Recieved From Client0 (698/935) seq = 697 
2025/10/27 14:05:53.722705 udp.go:939: Recieved From Client0 (699/935) seq = 698 
2025/10/27 14:05:53.733956 udp.go:939: Recieved From Client0 (700/935) seq = 699 
2025/10/27 14:05:53.744628 udp.go:939: Recieved From Client0 (701/935) seq = 700 
2025/10/27 14:05:53.756076 udp.go:939: Recieved From Client0 (702/935) seq = 701 
2025/10/27 14:05:53.767215 udp.go:939: Recieved From Client0 (703/935) seq = 702 
2025/10/27 14:05:53.777610 udp.go:939: Recieved From Client0 (704/935) seq = 703 
2025/10/27 14:05:53.788559 udp.go:939: Recieved From Client0 (705/935) seq = 704 
2025/10/27 14:05:53.799298 udp.go:939: Recieved From Client0 (706/935) seq = 705 
2025/10/27 14:05:53.809250 udp.go:939: Recieved From Client0 (707/935) seq = 706 
2025/10/27 14:05:53.819729 udp.go:939: Recieved From Client0 (708/935) seq = 707 
2025/10/27 14:05:53.830424 udp.go:939: Recieved From Client0 (709/935) seq = 708 
2025/10/27 14:05:53.840265 udp.go:939: Recieved From Client0 (710/935) seq = 709 
2025/10/27 14:05:53.850962 udp.go:939: Recieved From Client0 (711/935) seq = 710 
2025/10/27 14:05:53.861152 udp.go:939: Recieved From Client0 (712/935) seq = 711 
2025/10/27 14:05:53.871053 udp.go:939: Recieved From Client0 (713/935) seq = 712 
2025/10/27 14:05:53.881392 udp.go:939: Recieved From Client0 (714/935) seq = 713 
2025/10/27 14:05:53.891469 udp.go:939: Recieved From Client0 (715/935) seq = 714 
2025/10/27 14:05:53.901891 udp.go:939: Recieved From Client0 (716/935) seq = 715 
2025/10/27 14:05:53.911325 udp.go:939: Recieved From Client0 (717/935) seq = 716 
2025/10/27 14:05:53.921527 udp.go:939: Recieved From Client0 (718/935) seq = 717 
2025/10/27 14:05:53.931471 udp.go:939: Recieved From Client0 (719/935) seq = 718 
2025/10/27 14:05:53.940212 udp.go:939: Recieved From Client0 (720/935) seq = 719 
2025/10/27 14:05:53.949034 udp.go:939: Recieved From Client0 (721/935) seq = 720 
2025/10/27 14:05:53.958886 udp.go:939: Recieved From Client0 (722/935) seq = 721 
2025/10/27 14:05:53.968536 udp.go:939: Recieved From Client0 (723/935) seq = 722 
2025/10/27 14:05:53.977053 udp.go:939: Recieved From Client0 (724/935) seq = 723 
2025/10/27 14:05:53.986091 udp.go:939: Recieved From Client0 (725/935) seq = 724 
2025/10/27 14:05:53.995568 udp.go:939: Recieved From Client0 (726/935) seq = 725 
2025/10/27 14:05:54.004885 udp.go:939: Recieved From Client0 (727/935) seq = 726 
2025/10/27 14:05:54.014145 udp.go:939: Recieved From Client0 (728/935) seq = 727 
2025/10/27 14:05:54.022665 udp.go:939: Recieved From Client0 (729/935) seq = 728 
2025/10/27 14:05:54.031355 udp.go:939: Recieved From Client0 (730/935) seq = 729 
2025/10/27 14:05:54.040016 udp.go:939: Recieved From Client0 (731/935) seq = 730 
2025/10/27 14:05:54.048125 udp.go:939: Recieved From Client0 (732/935) seq = 731 
2025/10/27 14:05:54.056714 udp.go:939: Recieved From Client0 (733/935) seq = 732 
2025/10/27 14:05:54.065771 udp.go:939: Recieved From Client0 (734/935) seq = 733 
2025/10/27 14:05:54.075148 udp.go:939: Recieved From Client0 (735/935) seq = 734 
2025/10/27 14:05:54.084131 udp.go:939: Recieved From Client0 (736/935) seq = 735 
2025/10/27 14:05:54.093307 udp.go:939: Recieved From Client0 (737/935) seq = 736 
2025/10/27 14:05:54.101827 udp.go:939: Recieved From Client0 (738/935) seq = 737 
2025/10/27 14:05:54.110435 udp.go:939: Recieved From Client0 (739/935) seq = 738 
2025/10/27 14:05:54.119123 udp.go:939: Recieved From Client0 (740/935) seq = 739 
2025/10/27 14:05:54.127969 udp.go:939: Recieved From Client0 (741/935) seq = 740 
2025/10/27 14:05:54.136684 udp.go:939: Recieved From Client0 (742/935) seq = 741 
2025/10/27 14:05:54.144557 udp.go:939: Recieved From Client0 (743/935) seq = 742 
2025/10/27 14:05:54.153622 udp.go:939: Recieved From Client0 (744/935) seq = 743 
2025/10/27 14:05:54.161532 udp.go:939: Recieved From Client0 (745/935) seq = 744 
2025/10/27 14:05:54.170570 udp.go:939: Recieved From Client0 (746/935) seq = 745 
2025/10/27 14:05:54.179257 udp.go:939: Recieved From Client0 (747/935) seq = 746 
2025/10/27 14:05:54.188100 udp.go:939: Recieved From Client0 (748/935) seq = 747 
2025/10/27 14:05:54.196517 udp.go:939: Recieved From Client0 (749/935) seq = 748 
2025/10/27 14:05:54.204303 udp.go:939: Recieved From Client0 (750/935) seq = 749 
2025/10/27 14:05:54.212107 udp.go:939: Recieved From Client0 (751/935) seq = 750 
2025/10/27 14:05:54.220131 udp.go:939: Recieved From Client0 (752/935) seq = 751 
2025/10/27 14:05:54.228646 udp.go:939: Recieved From Client0 (753/935) seq = 752 
2025/10/27 14:05:54.237168 udp.go:939: Recieved From Client0 (754/935) seq = 753 
2025/10/27 14:05:54.245378 udp.go:939: Recieved From Client0 (755/935) seq = 754 
2025/10/27 14:05:54.253760 udp.go:939: Recieved From Client0 (756/935) seq = 755 
2025/10/27 14:05:54.262200 udp.go:939: Recieved From Client0 (757/935) seq = 756 
2025/10/27 14:05:54.270102 udp.go:939: Recieved From Client0 (758/935) seq = 757 
2025/10/27 14:05:54.278997 udp.go:939: Recieved From Client0 (759/935) seq = 758 
2025/10/27 14:05:54.287690 udp.go:939: Recieved From Client0 (760/935) seq = 759 
2025/10/27 14:05:54.295850 udp.go:939: Recieved From Client0 (761/935) seq = 760 
2025/10/27 14:05:54.304055 udp.go:939: Recieved From Client0 (762/935) seq = 761 
2025/10/27 14:05:54.312888 udp.go:939: Recieved From Client0 (763/935) seq = 762 
2025/10/27 14:05:54.321680 udp.go:939: Recieved From Client0 (764/935) seq = 763 
2025/10/27 14:05:54.329944 udp.go:939: Recieved From Client0 (765/935) seq = 764 
2025/10/27 14:05:54.338815 udp.go:939: Recieved From Client0 (766/935) seq = 765 
2025/10/27 14:05:54.347668 udp.go:939: Recieved From Client0 (767/935) seq = 766 
2025/10/27 14:05:54.356300 udp.go:939: Recieved From Client0 (768/935) seq = 767 
2025/10/27 14:05:54.364242 udp.go:939: Recieved From Client0 (769/935) seq = 768 
2025/10/27 14:05:54.372515 udp.go:939: Recieved From Client0 (770/935) seq = 769 
2025/10/27 14:05:54.380982 udp.go:939: Recieved From Client0 (771/935) seq = 770 
2025/10/27 14:05:54.388877 udp.go:939: Recieved From Client0 (772/935) seq = 771 
2025/10/27 14:05:54.397581 udp.go:939: Recieved From Client0 (773/935) seq = 772 
2025/10/27 14:05:54.405484 udp.go:939: Recieved From Client0 (774/935) seq = 773 
2025/10/27 14:05:54.415213 udp.go:939: Recieved From Client0 (775/935) seq = 774 
2025/10/27 14:05:54.423609 udp.go:939: Recieved From Client0 (776/935) seq = 775 
2025/10/27 14:05:54.431577 udp.go:939: Recieved From Client0 (777/935) seq = 776 
2025/10/27 14:05:54.440681 udp.go:939: Recieved From Client0 (778/935) seq = 777 
2025/10/27 14:05:54.448917 udp.go:939: Recieved From Client0 (779/935) seq = 778 
2025/10/27 14:05:54.458207 udp.go:939: Recieved From Client0 (780/935) seq = 779 
2025/10/27 14:05:54.466345 udp.go:939: Recieved From Client0 (781/935) seq = 780 
2025/10/27 14:05:54.475295 udp.go:939: Recieved From Client0 (782/935) seq = 781 
2025/10/27 14:05:54.483916 udp.go:939: Recieved From Client0 (783/935) seq = 782 
2025/10/27 14:05:54.492231 udp.go:939: Recieved From Client0 (784/935) seq = 783 
2025/10/27 14:05:54.500722 udp.go:939: Recieved From Client0 (785/935) seq = 784 
2025/10/27 14:05:54.509832 udp.go:939: Recieved From Client0 (786/935) seq = 785 
2025/10/27 14:05:54.518489 udp.go:939: Recieved From Client0 (787/935) seq = 786 
2025/10/27 14:05:54.526775 udp.go:939: Recieved From Client0 (788/935) seq = 787 
2025/10/27 14:05:54.534953 udp.go:939: Recieved From Client0 (789/935) seq = 788 
2025/10/27 14:05:54.544449 udp.go:939: Recieved From Client0 (790/935) seq = 789 
2025/10/27 14:05:54.554094 udp.go:939: Recieved From Client0 (791/935) seq = 790 
2025/10/27 14:05:54.562555 udp.go:939: Recieved From Client0 (792/935) seq = 791 
2025/10/27 14:05:54.571083 udp.go:939: Recieved From Client0 (793/935) seq = 792 
2025/10/27 14:05:54.580146 udp.go:939: Recieved From Client0 (794/935) seq = 793 
2025/10/27 14:05:54.588700 udp.go:939: Recieved From Client0 (795/935) seq = 794 
2025/10/27 14:05:54.597392 udp.go:939: Recieved From Client0 (796/935) seq = 795 
2025/10/27 14:05:54.606459 udp.go:939: Recieved From Client0 (797/935) seq = 796 
2025/10/27 14:05:54.615907 udp.go:939: Recieved From Client0 (798/935) seq = 797 
2025/10/27 14:05:54.624794 udp.go:939: Recieved From Client0 (799/935) seq = 798 
2025/10/27 14:05:54.634256 udp.go:939: Recieved From Client0 (800/935) seq = 799 
2025/10/27 14:05:54.643399 udp.go:939: Recieved From Client0 (801/935) seq = 800 
2025/10/27 14:05:54.652066 udp.go:939: Recieved From Client0 (802/935) seq = 801 
2025/10/27 14:05:54.661651 udp.go:939: Recieved From Client0 (803/935) seq = 802 
2025/10/27 14:05:54.670448 udp.go:939: Recieved From Client0 (804/935) seq = 803 
2025/10/27 14:05:54.679771 udp.go:939: Recieved From Client0 (805/935) seq = 804 
2025/10/27 14:05:54.689507 udp.go:939: Recieved From Client0 (806/935) seq = 805 
2025/10/27 14:05:54.699371 udp.go:939: Recieved From Client0 (807/935) seq = 806 
2025/10/27 14:05:54.708666 udp.go:939: Recieved From Client0 (808/935) seq = 807 
2025/10/27 14:05:54.718433 udp.go:939: Recieved From Client0 (809/935) seq = 808 
2025/10/27 14:05:54.728225 udp.go:939: Recieved From Client0 (810/935) seq = 809 
2025/10/27 14:05:54.737755 udp.go:939: Recieved From Client0 (811/935) seq = 810 
2025/10/27 14:05:54.747204 udp.go:939: Recieved From Client0 (812/935) seq = 811 
2025/10/27 14:05:54.756687 udp.go:939: Recieved From Client0 (813/935) seq = 812 
2025/10/27 14:05:54.766703 udp.go:939: Recieved From Client0 (814/935) seq = 813 
2025/10/27 14:05:54.776315 udp.go:939: Recieved From Client0 (815/935) seq = 814 
2025/10/27 14:05:54.785731 udp.go:939: Recieved From Client0 (816/935) seq = 815 
2025/10/27 14:05:54.795085 udp.go:939: Recieved From Client0 (817/935) seq = 816 
2025/10/27 14:05:54.805515 udp.go:939: Recieved From Client0 (818/935) seq = 817 
2025/10/27 14:05:54.815173 udp.go:939: Recieved From Client0 (819/935) seq = 818 
2025/10/27 14:05:54.825222 udp.go:939: Recieved From Client0 (820/935) seq = 819 
2025/10/27 14:05:54.834445 udp.go:939: Recieved From Client0 (821/935) seq = 820 
2025/10/27 14:05:54.844233 udp.go:939: Recieved From Client0 (822/935) seq = 821 
2025/10/27 14:05:54.854071 udp.go:939: Recieved From Client0 (823/935) seq = 822 
2025/10/27 14:05:54.864647 udp.go:939: Recieved From Client0 (824/935) seq = 823 
2025/10/27 14:05:54.875235 udp.go:939: Recieved From Client0 (825/935) seq = 824 
2025/10/27 14:05:54.885253 udp.go:939: Recieved From Client0 (826/935) seq = 825 
2025/10/27 14:05:54.896071 udp.go:939: Recieved From Client0 (827/935) seq = 826 
2025/10/27 14:05:54.906302 udp.go:939: Recieved From Client0 (828/935) seq = 827 
2025/10/27 14:05:54.916234 udp.go:939: Recieved From Client0 (829/935) seq = 828 
2025/10/27 14:05:54.926908 udp.go:939: Recieved From Client0 (830/935) seq = 829 
2025/10/27 14:05:54.937201 udp.go:939: Recieved From Client0 (831/935) seq = 830 
2025/10/27 14:05:54.948032 udp.go:939: Recieved From Client0 (832/935) seq = 831 
2025/10/27 14:05:54.957912 udp.go:939: Recieved From Client0 (833/935) seq = 832 
2025/10/27 14:05:54.968005 udp.go:939: Recieved From Client0 (834/935) seq = 833 
2025/10/27 14:05:54.978729 udp.go:939: Recieved From Client0 (835/935) seq = 834 
2025/10/27 14:05:54.989076 udp.go:939: Recieved From Client0 (836/935) seq = 835 
2025/10/27 14:05:54.998912 udp.go:939: Recieved From Client0 (837/935) seq = 836 
2025/10/27 14:05:55.009520 udp.go:939: Recieved From Client0 (838/935) seq = 837 
2025/10/27 14:05:55.020342 udp.go:939: Recieved From Client0 (839/935) seq = 838 
2025/10/27 14:05:55.030338 udp.go:939: Recieved From Client0 (840/935) seq = 839 
2025/10/27 14:05:55.040969 udp.go:939: Recieved From Client0 (841/935) seq = 840 
2025/10/27 14:05:55.051477 udp.go:939: Recieved From Client0 (842/935) seq = 841 
2025/10/27 14:05:55.061417 udp.go:939: Recieved From Client0 (843/935) seq = 842 
2025/10/27 14:05:55.071690 udp.go:939: Recieved From Client0 (844/935) seq = 843 
2025/10/27 14:05:55.082788 udp.go:939: Recieved From Client0 (845/935) seq = 844 
2025/10/27 14:05:55.093978 udp.go:939: Recieved From Client0 (846/935) seq = 845 
2025/10/27 14:05:55.104780 udp.go:939: Recieved From Client0 (847/935) seq = 846 
2025/10/27 14:05:55.115485 udp.go:939: Recieved From Client0 (848/935) seq = 847 
2025/10/27 14:05:55.126478 udp.go:939: Recieved From Client0 (849/935) seq = 848 
2025/10/27 14:05:55.137242 udp.go:939: Recieved From Client0 (850/935) seq = 849 
2025/10/27 14:05:55.147952 udp.go:939: Recieved From Client0 (851/935) seq = 850 
2025/10/27 14:05:55.158656 udp.go:939: Recieved From Client0 (852/935) seq = 851 
2025/10/27 14:05:55.169169 udp.go:939: Recieved From Client0 (853/935) seq = 852 
2025/10/27 14:05:55.180415 udp.go:939: Recieved From Client0 (854/935) seq = 853 
2025/10/27 14:05:55.191095 udp.go:939: Recieved From Client0 (855/935) seq = 854 
2025/10/27 14:05:55.202783 udp.go:939: Recieved From Client0 (856/935) seq = 855 
2025/10/27 14:05:55.213142 udp.go:939: Recieved From Client0 (857/935) seq = 856 
2025/10/27 14:05:55.234903 udp.go:939: Recieved From Client0 (858/935) seq = 857 
2025/10/27 14:05:55.246292 udp.go:939: Recieved From Client0 (859/935) seq = 858 
2025/10/27 14:05:55.258110 udp.go:939: Recieved From Client0 (860/935) seq = 859 
2025/10/27 14:05:55.269661 udp.go:939: Recieved From Client0 (861/935) seq = 860 
2025/10/27 14:05:55.280807 udp.go:939: Recieved From Client0 (862/935) seq = 861 
2025/10/27 14:05:55.292450 udp.go:939: Recieved From Client0 (863/935) seq = 862 
2025/10/27 14:05:55.303837 udp.go:939: Recieved From Client0 (864/935) seq = 863 
2025/10/27 14:05:55.315104 udp.go:939: Recieved From Client0 (865/935) seq = 864 
2025/10/27 14:05:55.326736 udp.go:939: Recieved From Client0 (866/935) seq = 865 
2025/10/27 14:05:55.338188 udp.go:939: Recieved From Client0 (867/935) seq = 866 
2025/10/27 14:05:55.350042 udp.go:939: Recieved From Client0 (868/935) seq = 867 
2025/10/27 14:05:55.361889 udp.go:939: Recieved From Client0 (869/935) seq = 868 
2025/10/27 14:05:55.373956 udp.go:939: Recieved From Client0 (870/935) seq = 869 
2025/10/27 14:05:55.385467 udp.go:939: Recieved From Client0 (871/935) seq = 870 
2025/10/27 14:05:55.397162 udp.go:939: Recieved From Client0 (872/935) seq = 871 
2025/10/27 14:05:55.409139 udp.go:939: Recieved From Client0 (873/935) seq = 872 
2025/10/27 14:05:55.420108 udp.go:939: Recieved From Client0 (874/935) seq = 873 
2025/10/27 14:05:55.432271 udp.go:939: Recieved From Client0 (875/935) seq = 874 
2025/10/27 14:05:55.444223 udp.go:939: Recieved From Client0 (876/935) seq = 875 
2025/10/27 14:05:55.456198 udp.go:939: Recieved From Client0 (877/935) seq = 876 
2025/10/27 14:05:55.468114 udp.go:939: Recieved From Client0 (878/935) seq = 877 
2025/10/27 14:05:55.480116 udp.go:939: Recieved From Client0 (879/935) seq = 878 
2025/10/27 14:05:55.491221 udp.go:939: Recieved From Client0 (880/935) seq = 879 
2025/10/27 14:05:55.503129 udp.go:939: Recieved From Client0 (881/935) seq = 880 
2025/10/27 14:05:55.515230 udp.go:939: Recieved From Client0 (882/935) seq = 881 
2025/10/27 14:05:55.527375 udp.go:939: Recieved From Client0 (883/935) seq = 882 
2025/10/27 14:05:55.539378 udp.go:939: Recieved From Client0 (884/935) seq = 883 
2025/10/27 14:05:55.551017 udp.go:939: Recieved From Client0 (885/935) seq = 884 
2025/10/27 14:05:55.561596 udp.go:939: Recieved From Client0 (886/935) seq = 885 
2025/10/27 14:05:55.573222 udp.go:939: Recieved From Client0 (887/935) seq = 886 
2025/10/27 14:05:55.585130 udp.go:939: Recieved From Client0 (888/935) seq = 887 
2025/10/27 14:05:55.596599 udp.go:939: Recieved From Client0 (889/935) seq = 888 
2025/10/27 14:05:55.607798 udp.go:939: Recieved From Client0 (890/935) seq = 889 
2025/10/27 14:05:55.619377 udp.go:939: Recieved From Client0 (891/935) seq = 890 
2025/10/27 14:05:55.631289 udp.go:939: Recieved From Client0 (892/935) seq = 891 
2025/10/27 14:05:55.643434 udp.go:939: Recieved From Client0 (893/935) seq = 892 
2025/10/27 14:05:55.654968 udp.go:939: Recieved From Client0 (894/935) seq = 893 
2025/10/27 14:05:55.667371 udp.go:939: Recieved From Client0 (895/935) seq = 894 
2025/10/27 14:05:55.678923 udp.go:939: Recieved From Client0 (896/935) seq = 895 
2025/10/27 14:05:55.690802 udp.go:939: Recieved From Client0 (897/935) seq = 896 
2025/10/27 14:05:55.702737 udp.go:939: Recieved From Client0 (898/935) seq = 897 
2025/10/27 14:05:55.714399 udp.go:939: Recieved From Client0 (899/935) seq = 898 
2025/10/27 14:05:55.726239 udp.go:939: Recieved From Client0 (900/935) seq = 899 
2025/10/27 14:05:55.737517 udp.go:939: Recieved From Client0 (901/935) seq = 900 
2025/10/27 14:05:55.749552 udp.go:939: Recieved From Client0 (902/935) seq = 901 
2025/10/27 14:05:55.761450 udp.go:939: Recieved From Client0 (903/935) seq = 902 
2025/10/27 14:05:55.773591 udp.go:939: Recieved From Client0 (904/935) seq = 903 
2025/10/27 14:05:55.785567 udp.go:939: Recieved From Client0 (905/935) seq = 904 
2025/10/27 14:05:55.797242 udp.go:939: Recieved From Client0 (906/935) seq = 905 
2025/10/27 14:05:55.808872 udp.go:939: Recieved From Client0 (907/935) seq = 906 
2025/10/27 14:05:55.821207 udp.go:939: Recieved From Client0 (908/935) seq = 907 
2025/10/27 14:05:55.833429 udp.go:939: Recieved From Client0 (909/935) seq = 908 
2025/10/27 14:05:55.845088 udp.go:939: Recieved From Client0 (910/935) seq = 909 
2025/10/27 14:05:55.856752 udp.go:939: Recieved From Client0 (911/935) seq = 910 
2025/10/27 14:05:55.868545 udp.go:939: Recieved From Client0 (912/935) seq = 911 
2025/10/27 14:05:55.880338 udp.go:939: Recieved From Client0 (913/935) seq = 912 
2025/10/27 14:05:55.892356 udp.go:939: Recieved From Client0 (914/935) seq = 913 
2025/10/27 14:05:55.903715 udp.go:939: Recieved From Client0 (915/935) seq = 914 
2025/10/27 14:05:55.915214 udp.go:939: Recieved From Client0 (916/935) seq = 915 
2025/10/27 14:05:55.926725 udp.go:939: Recieved From Client0 (917/935) seq = 916 
2025/10/27 14:05:55.937895 udp.go:939: Recieved From Client0 (918/935) seq = 917 
2025/10/27 14:05:55.949347 udp.go:939: Recieved From Client0 (919/935) seq = 918 
2025/10/27 14:05:55.961314 udp.go:939: Recieved From Client0 (920/935) seq = 919 
2025/10/27 14:05:55.973290 udp.go:939: Recieved From Client0 (921/935) seq = 920 
2025/10/27 14:05:55.984688 udp.go:939: Recieved From Client0 (922/935) seq = 921 
2025/10/27 14:05:55.996442 udp.go:939: Recieved From Client0 (923/935) seq = 922 
2025/10/27 14:05:56.008449 udp.go:939: Recieved From Client0 (924/935) seq = 923 
2025/10/27 14:05:56.020089 udp.go:939: Recieved From Client0 (925/935) seq = 924 
2025/10/27 14:05:56.031259 udp.go:939: Recieved From Client0 (926/935) seq = 925 
2025/10/27 14:05:56.043280 udp.go:939: Recieved From Client0 (927/935) seq = 926 
2025/10/27 14:05:56.055252 udp.go:939: Recieved From Client0 (928/935) seq = 927 
2025/10/27 14:05:56.066352 udp.go:939: Recieved From Client0 (929/935) seq = 928 
2025/10/27 14:05:56.077933 udp.go:939: Recieved From Client0 (930/935) seq = 929 
2025/10/27 14:05:56.089686 udp.go:939: Recieved From Client0 (931/935) seq = 930 
2025/10/27 14:05:56.100891 udp.go:939: Recieved From Client0 (932/935) seq = 931 
2025/10/27 14:05:56.129956 udp.go:939: Recieved From Client0 (933/935) seq = 932 
2025/10/27 14:05:56.138600 udp.go:939: Recieved From Client0 (934/935) seq = 933 
2025/10/27 14:05:56.147055 udp.go:939: Recieved From Client0 (935/935) seq = 934 
2025/10/27 14:07:52.736420 udp.go:405: 
❌ Input closed. Exiting interactive mode.
2025/10/27 14:07:52.736702 udp.go:977: 
🛑 Shutting down server gracefully...
